// Jest Snapshot v1, https://goo.gl/fbAQLP

exports[`github utils can transform image 1`] = `
"![](https://user-images.githubusercontent.com/2226423/153811718-2babbfa7-e63f-4ec7-9fd3-9f450beaad9b.png)
看起来这个分支有个报错关于 TerminalClient 的,有可能是 init 时机有点问题"
`;

exports[`github utils can transform markdown to limitable 1`] = `
{
  "headingDepthCount": 3,
  "imageCount": 1,
  "result": "![]()
看起来这个分支有个报错关于 TerminalClient 的,有可能是 init 时机有点问题asdfg# a## b
",
}
`;
