// Jest Snapshot v1, https://goo.gl/fbAQLP

exports[`github templates pr review can handle pull_request_closed 1`] = `
{
  "text": "#### [Codertocat](https://github.com/Codertocat) created [review comment](https://github.com/Codertocat/Hello-World/pull/2#discussion_r284312630) on [pull request](https://github.com/Codertocat/Hello-World/pull/2)  

---

> #### [#2 Update the README with new information.](https://github.com/Codertocat/Hello-World/pull/2)
>
> Maybe you should use more emoji on this line.",
  "title": "Review comment created",
}
`;
